../Drivers/STM32L0xx_HAL_Driver/Src/stm32l0xx_hal_dac.c:276:19:HAL_DAC_Init	16	static
../Drivers/STM32L0xx_HAL_Driver/Src/stm32l0xx_hal_dac.c:339:19:HAL_DAC_DeInit	16	static
../Drivers/STM32L0xx_HAL_Driver/Src/stm32l0xx_hal_dac.c:384:13:HAL_DAC_MspInit	16	static
../Drivers/STM32L0xx_HAL_Driver/Src/stm32l0xx_hal_dac.c:400:13:HAL_DAC_MspDeInit	16	static
../Drivers/STM32L0xx_HAL_Driver/Src/stm32l0xx_hal_dac.c:443:26:HAL_DAC_Start	16	static
../Drivers/STM32L0xx_HAL_Driver/Src/stm32l0xx_hal_dac.c:466:19:HAL_DAC_Stop	16	static
../Drivers/STM32L0xx_HAL_Driver/Src/stm32l0xx_hal_dac.c:498:26:HAL_DAC_Start_DMA	24	static
../Drivers/STM32L0xx_HAL_Driver/Src/stm32l0xx_hal_dac.c:524:26:HAL_DAC_Stop_DMA	16	static
../Drivers/STM32L0xx_HAL_Driver/Src/stm32l0xx_hal_dac.c:547:17:HAL_DAC_GetValue	16	static
../Drivers/STM32L0xx_HAL_Driver/Src/stm32l0xx_hal_dac.c:566:13:HAL_DAC_IRQHandler	16	static
../Drivers/STM32L0xx_HAL_Driver/Src/stm32l0xx_hal_dac.c:582:13:HAL_DAC_ConvCpltCallbackCh1	16	static
../Drivers/STM32L0xx_HAL_Driver/Src/stm32l0xx_hal_dac.c:598:13:HAL_DAC_ConvHalfCpltCallbackCh1	16	static
../Drivers/STM32L0xx_HAL_Driver/Src/stm32l0xx_hal_dac.c:614:13:HAL_DAC_ErrorCallbackCh1	16	static
../Drivers/STM32L0xx_HAL_Driver/Src/stm32l0xx_hal_dac.c:630:13:HAL_DAC_DMAUnderrunCallbackCh1	16	static
../Drivers/STM32L0xx_HAL_Driver/Src/stm32l0xx_hal_dac.c:670:19:HAL_DAC_ConfigChannel	32	static
../Drivers/STM32L0xx_HAL_Driver/Src/stm32l0xx_hal_dac.c:735:22:HAL_DAC_GetState	16	static
../Drivers/STM32L0xx_HAL_Driver/Src/stm32l0xx_hal_dac.c:748:10:HAL_DAC_GetError	16	static
../Drivers/STM32L0xx_HAL_Driver/Src/stm32l0xx_hal_dac.c:769:26:HAL_DAC_SetValue	24	static
